---
source: crates/jsshaker/tests/mod.rs
expression: do_tree_shake(input)
input_file: crates/jsshaker/tests/fixtures/this.js
---
const obj1 = { getThis() {
	return this;
} };
test1(obj1.getThis());
test1(obj1.getThis());
test1((0, obj1.getThis)());
test1(obj1.getThis());
test2(1);
test2(1);
test2(1);
test2(2);
